python : C:\Users\nario\AppDat
a\Local\Programs\Python\Python
310\lib\site-packages\google\a
pi_core\_python_version_suppor
t.py:275: FutureWarning: You a
re using a Python version (3.1
0.11) which Google will stop s
upporting in new releases of g
oogle.api_core once it reaches
 its end of life (2026-10-04).
 Please upgrade to the latest 
Python version, or at least Py
thon 3.11, to continue receivi
ng updates for google.api_core
 past that date.
発生場所 行:1 文字:77
+ ... on-phase1"; python "D:\A
I_スクリプト成果物\営業自動化プロジェクト\video-s
ales-automation ...
+                 ~~~~~~~~~~~~
~~~~~~~~~~~~~~~~~~~~~~~~~~~~~~
~~~~~~~~~~~~~~~
    + CategoryInfo          : 
    NotSpecified: (C:\Users\  
  nario\...past that date.:   
 String) [], RemoteExcepti    
on
    + FullyQualifiedErrorId : 
    NativeCommandError
 
  warnings.warn(message, Futur
eWarning)
C:\Users\nario\AppData\Local\P
rograms\Python\Python310\lib\s
ite-packages\requests\__init__
.py:109: RequestsDependencyWar
ning: urllib3 (2.6.3) or chard
et (7.1.0)/charset_normalizer 
(3.4.4) doesn't match a suppor
ted version!
  warnings.warn(
2026-03-19 13:44:10.845 | INFO
     | __main__:<module>:533 -
 === email_generator.py 単体テスト 
===
2026-03-19 13:44:10.847 | INFO
     | __main__:<module>:534 -
 ※ GEMINI_API_KEY が必要です
2026-03-19 13:44:10.848 | INFO
     | __main__:generate_email
:482 - メール生成開始: グリーンライフ株式会社 - 
1通目
2026-03-19 13:44:13.196 | INFO
     | __main__:generate_email
:523 - メール生成完了: [1通目] 件名: グリーン
ライフ株式会社様の「オーガニック野菜の選び方｜失敗しない5つ
」を拝見しました...
2026-03-19 13:44:13.196 | INFO
     | __main__:generate_email
:482 - メール生成開始: グリーンライフ株式会社 - 
2通目
2026-03-19 13:44:14.523 | INFO
     | __main__:generate_email
:523 - メール生成完了: [2通目] 件名: 【事例】
動画改善で問い合わせ数が2.3倍になった話...
2026-03-19 13:44:14.523 | INFO
     | __main__:generate_email
:482 - メール生成開始: グリーンライフ株式会社 - 
3通目
2026-03-19 13:44:15.736 | INFO
     | __main__:generate_email
:523 - メール生成完了: [3通目] 件名: よくある
ご質問にお答えします（料金・工数・効果）...
2026-03-19 13:44:15.736 | INFO
     | __main__:generate_email
:482 - メール生成開始: グリーンライフ株式会社 - 
4通目
2026-03-19 13:44:15.736 | INFO
     | __main__:generate_email
:523 - メール生成完了: [4通目] 件名: 最後のご
連絡です（グリーンライフ株式会社様へ）...

============================================================
【1通目】
件名: グリーンライフ株式会社様の「オーガニック野菜の選び方｜失敗しない5つ」を拝見しました
本文:
グリーンライフ株式会社 御中

はじめまして。株式会社ルヴィラの成相 政和と申します。

御社のYouTubeチャンネル「GreenLife公式チャンネル」を拝見し、特に「オーガニック野菜の選び方｜失敗しない5つのポイント」の内容でご連絡いたしました。

オーガニック野菜の選び方、5つのポイントは非常に参考になりますね。特に、旬を意識することの重要性という点に興味を持ちました。

弊社では、動画を...

============================================================
【2通目】
件名: 【事例】動画改善で問い合わせ数が2.3倍になった話
本文:
グリーンライフ株式会社 御中

先日ご連絡した株式会社ルヴィラの成相 政和です。

ご多忙の中恐れ入ります。
今回は参考になるかと思い、事例をご紹介させてください。

■ 類似ケースの改善事例
動画マーケティングに取り組む企業様で、
チャンネル分析と改善提案を実施したところ、
・問い合わせ数：+130%（3ヶ月後）
・動画の平均視聴維持率：+45%
という結果が出ています。

動画の冒頭で商品利用...

============================================================
【3通目】
件名: よくあるご質問にお答えします（料金・工数・効果）
本文:
グリーンライフ株式会社 御中

株式会社ルヴィラの成相 政和です。

これまでにご検討いただいた企業様からよくいただくご質問に
事前にお答えしておきます。

Q. 料金はどのくらいかかりますか？
A. まず無料診断から始めていただけます。
   その後のご支援は内容によって5～30万円/月が目安ですが、
   まずは診断結果をご覧いただいてから検討いただければ十分です。

Q. 自社の工数はかかり...

============================================================
【4通目】
件名: 最後のご連絡です（グリーンライフ株式会社様へ）
本文:
グリーンライフ株式会社 御中

株式会社ルヴィラの成相 政和です。

これまで数回ご連絡させていただきましたが、
本メールを最後のご連絡とさせていただきます。

もしタイミングが合わなかっただけであれば、
いつでもお声がけください。

■ 無料診断でわかること
・チャンネルの「伸び代スコア」（独自指標）
・競合チャンネルとの差異分析
・今すぐできる改善アクション3つ

ご興味があれば、このメールに...
